Archive member included to satisfy reference by file (symbol)

c:/ac6/systemworkbench/plugins/fr.ac6.mcu.externaltools.arm-none.win32_1.13.1.201701261202/tools/compiler/bin/../lib/gcc/arm-none-eabi/5.4.1/../../../../arm-none-eabi/lib/armv7e-m/fpu\libc_nano.a(lib_a-exit.o)
                              c:/ac6/systemworkbench/plugins/fr.ac6.mcu.externaltools.arm-none.win32_1.13.1.201701261202/tools/compiler/bin/../lib/gcc/arm-none-eabi/5.4.1/../../../../arm-none-eabi/lib/armv7e-m/fpu/crt0.o (exit)
c:/ac6/systemworkbench/plugins/fr.ac6.mcu.externaltools.arm-none.win32_1.13.1.201701261202/tools/compiler/bin/../lib/gcc/arm-none-eabi/5.4.1/../../../../arm-none-eabi/lib/armv7e-m/fpu\libc_nano.a(lib_a-impure.o)
                              c:/ac6/systemworkbench/plugins/fr.ac6.mcu.externaltools.arm-none.win32_1.13.1.201701261202/tools/compiler/bin/../lib/gcc/arm-none-eabi/5.4.1/../../../../arm-none-eabi/lib/armv7e-m/fpu\libc_nano.a(lib_a-exit.o) (_global_impure_ptr)
c:/ac6/systemworkbench/plugins/fr.ac6.mcu.externaltools.arm-none.win32_1.13.1.201701261202/tools/compiler/bin/../lib/gcc/arm-none-eabi/5.4.1/../../../../arm-none-eabi/lib/armv7e-m/fpu\libc_nano.a(lib_a-init.o)
                              c:/ac6/systemworkbench/plugins/fr.ac6.mcu.externaltools.arm-none.win32_1.13.1.201701261202/tools/compiler/bin/../lib/gcc/arm-none-eabi/5.4.1/../../../../arm-none-eabi/lib/armv7e-m/fpu/crt0.o (__libc_init_array)
c:/ac6/systemworkbench/plugins/fr.ac6.mcu.externaltools.arm-none.win32_1.13.1.201701261202/tools/compiler/bin/../lib/gcc/arm-none-eabi/5.4.1/../../../../arm-none-eabi/lib/armv7e-m/fpu\libc_nano.a(lib_a-memcpy-stub.o)
                              Middlewares/Third_Party/FreeRTOS/Source/queue.o (memcpy)
c:/ac6/systemworkbench/plugins/fr.ac6.mcu.externaltools.arm-none.win32_1.13.1.201701261202/tools/compiler/bin/../lib/gcc/arm-none-eabi/5.4.1/../../../../arm-none-eabi/lib/armv7e-m/fpu\libc_nano.a(lib_a-memset.o)
                              c:/ac6/systemworkbench/plugins/fr.ac6.mcu.externaltools.arm-none.win32_1.13.1.201701261202/tools/compiler/bin/../lib/gcc/arm-none-eabi/5.4.1/../../../../arm-none-eabi/lib/armv7e-m/fpu/crt0.o (memset)
c:/ac6/systemworkbench/plugins/fr.ac6.mcu.externaltools.arm-none.win32_1.13.1.201701261202/tools/compiler/bin/../lib/gcc/arm-none-eabi/5.4.1/../../../../arm-none-eabi/lib/armv7e-m/fpu\libnosys.a(_exit.o)
                              c:/ac6/systemworkbench/plugins/fr.ac6.mcu.externaltools.arm-none.win32_1.13.1.201701261202/tools/compiler/bin/../lib/gcc/arm-none-eabi/5.4.1/../../../../arm-none-eabi/lib/armv7e-m/fpu\libc_nano.a(lib_a-exit.o) (_exit)

Allocating common symbols
Common symbol       size              file

Task02Handle        0x4               Src/main.o
defaultTaskHandle   0x4               Src/main.o
uwTick              0x4               Drivers/STM32F4xx_HAL_Driver/Src/stm32f4xx_hal.o
xQueueRegistry      0x40              Middlewares/Third_Party/FreeRTOS/Source/queue.o
pFlash              0x20              Drivers/STM32F4xx_HAL_Driver/Src/stm32f4xx_hal_flash.o
testCodeGen_DWork   0x3e8             Src/testCodeGen.o
Timer01Handle       0x4               Src/main.o
Task01Handle        0x4               Src/main.o
htim1               0x3c              Src/stm32f4xx_hal_timebase_TIM.o
myQueue01Handle     0x4               Src/main.o
myQueue02Handle     0x4               Src/main.o

Discarded input sections

 .text          0x00000000        0x0 c:/ac6/systemworkbench/plugins/fr.ac6.mcu.externaltools.arm-none.win32_1.13.1.201701261202/tools/compiler/bin/../lib/gcc/arm-none-eabi/5.4.1/armv7e-m/fpu/crti.o
 .data          0x00000000        0x0 c:/ac6/systemworkbench/plugins/fr.ac6.mcu.externaltools.arm-none.win32_1.13.1.201701261202/tools/compiler/bin/../lib/gcc/arm-none-eabi/5.4.1/armv7e-m/fpu/crti.o
 .bss           0x00000000        0x0 c:/ac6/systemworkbench/plugins/fr.ac6.mcu.externaltools.arm-none.win32_1.13.1.201701261202/tools/compiler/bin/../lib/gcc/arm-none-eabi/5.4.1/armv7e-m/fpu/crti.o
 .data          0x00000000        0x4 c:/ac6/systemworkbench/plugins/fr.ac6.mcu.externaltools.arm-none.win32_1.13.1.201701261202/tools/compiler/bin/../lib/gcc/arm-none-eabi/5.4.1/armv7e-m/fpu/crtbegin.o
 .text          0x00000000       0x74 c:/ac6/systemworkbench/plugins/fr.ac6.mcu.externaltools.arm-none.win32_1.13.1.201701261202/tools/compiler/bin/../lib/gcc/arm-none-eabi/5.4.1/../../../../arm-none-eabi/lib/armv7e-m/fpu/crt0.o
 .data          0x00000000        0x0 c:/ac6/systemworkbench/plugins/fr.ac6.mcu.externaltools.arm-none.win32_1.13.1.201701261202/tools/compiler/bin/../lib/gcc/arm-none-eabi/5.4.1/../../../../arm-none-eabi/lib/armv7e-m/fpu/crt0.o
 .bss           0x00000000        0x0 c:/ac6/systemworkbench/plugins/fr.ac6.mcu.externaltools.arm-none.win32_1.13.1.201701261202/tools/compiler/bin/../lib/gcc/arm-none-eabi/5.4.1/../../../../arm-none-eabi/lib/armv7e-m/fpu/crt0.o
[...]
Memory Configuration

Name             Origin             Length             Attributes
RAM              0x20000000         0x00030000         xrw
CCMRAM           0x10000000         0x00010000         rw
FLASH            0x08000000         0x00200000         xr
*default*        0x00000000         0xffffffff

Linker script and memory map

LOAD c:/ac6/systemworkbench/plugins/fr.ac6.mcu.externaltools.arm-none.win32_1.13.1.201701261202/tools/compiler/bin/../lib/gcc/arm-none-eabi/5.4.1/armv7e-m/fpu/crti.o
LOAD c:/ac6/systemworkbench/plugins/fr.ac6.mcu.externaltools.arm-none.win32_1.13.1.201701261202/tools/compiler/bin/../lib/gcc/arm-none-eabi/5.4.1/armv7e-m/fpu/crtbegin.o
LOAD c:/ac6/systemworkbench/plugins/fr.ac6.mcu.externaltools.arm-none.win32_1.13.1.201701261202/tools/compiler/bin/../lib/gcc/arm-none-eabi/5.4.1/../../../../arm-none-eabi/lib/armv7e-m/fpu/crt0.o
LOAD c:/ac6/systemworkbench/plugins/fr.ac6.mcu.externaltools.arm-none.win32_1.13.1.201701261202/tools/compiler/bin/../lib/gcc/arm-none-eabi/5.4.1/../../../../arm-none-eabi/lib/armv7e-m/fpu\libm.a
LOAD Drivers/STM32F4xx_HAL_Driver/Src/stm32f4xx_hal.o
LOAD Drivers/STM32F4xx_HAL_Driver/Src/stm32f4xx_hal_cortex.o
LOAD Drivers/STM32F4xx_HAL_Driver/Src/stm32f4xx_hal_dma.o
LOAD Drivers/STM32F4xx_HAL_Driver/Src/stm32f4xx_hal_dma_ex.o
LOAD Drivers/STM32F4xx_HAL_Driver/Src/stm32f4xx_hal_flash.o
LOAD Drivers/STM32F4xx_HAL_Driver/Src/stm32f4xx_hal_flash_ex.o
LOAD Drivers/STM32F4xx_HAL_Driver/Src/stm32f4xx_hal_flash_ramfunc.o
LOAD Drivers/STM32F4xx_HAL_Driver/Src/stm32f4xx_hal_gpio.o
LOAD Drivers/STM32F4xx_HAL_Driver/Src/stm32f4xx_hal_pwr.o
LOAD Drivers/STM32F4xx_HAL_Driver/Src/stm32f4xx_hal_pwr_ex.o
LOAD Drivers/STM32F4xx_HAL_Driver/Src/stm32f4xx_hal_rcc.o
LOAD Drivers/STM32F4xx_HAL_Driver/Src/stm32f4xx_hal_rcc_ex.o
LOAD Drivers/STM32F4xx_HAL_Driver/Src/stm32f4xx_hal_tim.o
LOAD Drivers/STM32F4xx_HAL_Driver/Src/stm32f4xx_hal_tim_ex.o
LOAD Middlewares/Third_Party/FreeRTOS/Source/CMSIS_RTOS/cmsis_os.o
LOAD Middlewares/Third_Party/FreeRTOS/Source/croutine.o
LOAD Middlewares/Third_Party/FreeRTOS/Source/event_groups.o
LOAD Middlewares/Third_Party/FreeRTOS/Source/list.o
LOAD Middlewares/Third_Party/FreeRTOS/Source/queue.o
LOAD Middlewares/Third_Party/FreeRTOS/Source/tasks.o
LOAD Middlewares/Third_Party/FreeRTOS/Source/timers.o
LOAD Middlewares/Third_Party/FreeRTOS/Source/portable/GCC/ARM_CM4F/port.o
LOAD Middlewares/Third_Party/FreeRTOS/Source/portable/MemMang/heap_4.o
LOAD Src/adaptation.o
LOAD Src/freertos.o
LOAD Src/main.o
LOAD Src/stm32f4xx_hal_msp.o
LOAD Src/stm32f4xx_hal_timebase_TIM.o
LOAD Src/stm32f4xx_it.o
LOAD Src/system_stm32f4xx.o
LOAD Src/testCodeGen.o
LOAD startup/startup_stm32f429xx.o
START GROUP
LOAD c:/ac6/systemworkbench/plugins/fr.ac6.mcu.externaltools.arm-none.win32_1.13.1.201701261202/tools/compiler/bin/../lib/gcc/arm-none-eabi/5.4.1/armv7e-m/fpu\libgcc.a
LOAD c:/ac6/systemworkbench/plugins/fr.ac6.mcu.externaltools.arm-none.win32_1.13.1.201701261202/tools/compiler/bin/../lib/gcc/arm-none-eabi/5.4.1/../../../../arm-none-eabi/lib/armv7e-m/fpu\libc_nano.a
END GROUP
START GROUP
LOAD c:/ac6/systemworkbench/plugins/fr.ac6.mcu.externaltools.arm-none.win32_1.13.1.201701261202/tools/compiler/bin/../lib/gcc/arm-none-eabi/5.4.1/armv7e-m/fpu\libgcc.a
LOAD c:/ac6/systemworkbench/plugins/fr.ac6.mcu.externaltools.arm-none.win32_1.13.1.201701261202/tools/compiler/bin/../lib/gcc/arm-none-eabi/5.4.1/../../../../arm-none-eabi/lib/armv7e-m/fpu\libc_nano.a
LOAD c:/ac6/systemworkbench/plugins/fr.ac6.mcu.externaltools.arm-none.win32_1.13.1.201701261202/tools/compiler/bin/../lib/gcc/arm-none-eabi/5.4.1/../../../../arm-none-eabi/lib/armv7e-m/fpu\libnosys.a
END GROUP
START GROUP
LOAD c:/ac6/systemworkbench/plugins/fr.ac6.mcu.externaltools.arm-none.win32_1.13.1.201701261202/tools/compiler/bin/../lib/gcc/arm-none-eabi/5.4.1/armv7e-m/fpu\libgcc.a
LOAD c:/ac6/systemworkbench/plugins/fr.ac6.mcu.externaltools.arm-none.win32_1.13.1.201701261202/tools/compiler/bin/../lib/gcc/arm-none-eabi/5.4.1/../../../../arm-none-eabi/lib/armv7e-m/fpu\libc_nano.a
LOAD c:/ac6/systemworkbench/plugins/fr.ac6.mcu.externaltools.arm-none.win32_1.13.1.201701261202/tools/compiler/bin/../lib/gcc/arm-none-eabi/5.4.1/../../../../arm-none-eabi/lib/armv7e-m/fpu\libnosys.a
END GROUP
LOAD c:/ac6/systemworkbench/plugins/fr.ac6.mcu.externaltools.arm-none.win32_1.13.1.201701261202/tools/compiler/bin/../lib/gcc/arm-none-eabi/5.4.1/armv7e-m/fpu/crtend.o
LOAD c:/ac6/systemworkbench/plugins/fr.ac6.mcu.externaltools.arm-none.win32_1.13.1.201701261202/tools/compiler/bin/../lib/gcc/arm-none-eabi/5.4.1/armv7e-m/fpu/crtn.o
                0x20030000                _estack = 0x20030000
                0x00000200                _Min_Heap_Size = 0x200
                0x00000400                _Min_Stack_Size = 0x400

.isr_vector     0x08000000      0x1ac
                0x08000000                . = ALIGN (0x4)
 *(.isr_vector)
 .isr_vector    0x08000000      0x1ac startup/startup_stm32f429xx.o
                0x08000000                g_pfnVectors
                0x080001ac                . = ALIGN (0x4)

.text           0x080001ac     0x2800
                0x080001ac                . = ALIGN (0x4)
 *(.text)
 .text          0x080001ac       0x5c c:/ac6/systemworkbench/plugins/fr.ac6.mcu.externaltools.arm-none.win32_1.13.1.201701261202/tools/compiler/bin/../lib/gcc/arm-none-eabi/5.4.1/armv7e-m/fpu/crtbegin.o
 *(.text*)
 .text.HAL_Init
                0x08000208       0x34 Drivers/STM32F4xx_HAL_Driver/Src/stm32f4xx_hal.o
                0x08000208                HAL_Init
 .text.HAL_IncTick
                0x0800023c       0x10 Drivers/STM32F4xx_HAL_Driver/Src/stm32f4xx_hal.o
                0x0800023c                HAL_IncTick
 .text.HAL_GetTick
                0x0800024c        0xc Drivers/STM32F4xx_HAL_Driver/Src/stm32f4xx_hal.o
                0x0800024c                HAL_GetTick
 .text.HAL_NVIC_SetPriorityGrouping
                0x08000258       0x24 Drivers/STM32F4xx_HAL_Driver/Src/stm32f4xx_hal_cortex.o
                0x08000258                HAL_NVIC_SetPriorityGrouping
 .text.HAL_NVIC_SetPriority
                0x0800027c       0x68 Drivers/STM32F4xx_HAL_Driver/Src/stm32f4xx_hal_cortex.o
                0x0800027c                HAL_NVIC_SetPriority
 .text.HAL_NVIC_EnableIRQ
                0x080002e4       0x18 Drivers/STM32F4xx_HAL_Driver/Src/stm32f4xx_hal_cortex.o
                0x080002e4                HAL_NVIC_EnableIRQ
 .text.HAL_SYSTICK_Config
                0x080002fc       0x2c Drivers/STM32F4xx_HAL_Driver/Src/stm32f4xx_hal_cortex.o
                0x080002fc                HAL_SYSTICK_Config
 .text.HAL_SYSTICK_CLKSourceConfig
                0x08000328       0x18 Drivers/STM32F4xx_HAL_Driver/Src/stm32f4xx_hal_cortex.o
                0x08000328                HAL_SYSTICK_CLKSourceConfig
 .text.HAL_GPIO_Init
                0x08000340      0x1d8 Drivers/STM32F4xx_HAL_Driver/Src/stm32f4xx_hal_gpio.o
                0x08000340                HAL_GPIO_Init
 .text.HAL_GPIO_WritePin
                0x08000518        0x8 Drivers/STM32F4xx_HAL_Driver/Src/stm32f4xx_hal_gpio.o
                0x08000518                HAL_GPIO_WritePin
 .text.HAL_RCC_OscConfig
                0x08000520      0x31c Drivers/STM32F4xx_HAL_Driver/Src/stm32f4xx_hal_rcc.o
                0x08000520                HAL_RCC_OscConfig
 .text.HAL_RCC_GetSysClockFreq
                0x0800083c       0x7c Drivers/STM32F4xx_HAL_Driver/Src/stm32f4xx_hal_rcc.o
                0x0800083c                HAL_RCC_GetSysClockFreq
 .text.HAL_RCC_ClockConfig
                0x080008b8      0x168 Drivers/STM32F4xx_HAL_Driver/Src/stm32f4xx_hal_rcc.o
                0x080008b8                HAL_RCC_ClockConfig
 .text.HAL_RCC_GetHCLKFreq
                0x08000a20        0xc Drivers/STM32F4xx_HAL_Driver/Src/stm32f4xx_hal_rcc.o
                0x08000a20                HAL_RCC_GetHCLKFreq
 .text.HAL_RCC_GetPCLK2Freq
                0x08000a2c       0x30 Drivers/STM32F4xx_HAL_Driver/Src/stm32f4xx_hal_rcc.o
                0x08000a2c                HAL_RCC_GetPCLK2Freq
 .text.HAL_RCC_GetClockConfig
                0x08000a5c       0x3c Drivers/STM32F4xx_HAL_Driver/Src/stm32f4xx_hal_rcc.o
                0x08000a5c                HAL_RCC_GetClockConfig
 .text.HAL_TIM_Base_MspInit
                0x08000a98        0x2 Drivers/STM32F4xx_HAL_Driver/Src/stm32f4xx_hal_tim.o
                0x08000a98                HAL_TIM_Base_MspInit
 .text.HAL_TIM_Base_Start_IT
                0x08000a9a       0x16 Drivers/STM32F4xx_HAL_Driver/Src/stm32f4xx_hal_tim.o
                0x08000a9a                HAL_TIM_Base_Start_IT
 .text.HAL_TIM_OC_DelayElapsedCallback
                0x08000ab0        0x2 Drivers/STM32F4xx_HAL_Driver/Src/stm32f4xx_hal_tim.o
                0x08000ab0                HAL_TIM_OC_DelayElapsedCallback
 .text.HAL_TIM_IC_CaptureCallback
                0x08000ab2        0x2 Drivers/STM32F4xx_HAL_Driver/Src/stm32f4xx_hal_tim.o
                0x08000ab2                HAL_TIM_IC_CaptureCallback
 .text.HAL_TIM_PWM_PulseFinishedCallback
                0x08000ab4        0x2 Drivers/STM32F4xx_HAL_Driver/Src/stm32f4xx_hal_tim.o
                0x08000ab4                HAL_TIM_PWM_PulseFinishedCallback
 .text.HAL_TIM_TriggerCallback
                0x08000ab6        0x2 Drivers/STM32F4xx_HAL_Driver/Src/stm32f4xx_hal_tim.o
                0x08000ab6                HAL_TIM_TriggerCallback
 .text.HAL_TIM_IRQHandler
                0x08000ab8      0x144 Drivers/STM32F4xx_HAL_Driver/Src/stm32f4xx_hal_tim.o
                0x08000ab8                HAL_TIM_IRQHandler
 .text.TIM_Base_SetConfig
                0x08000bfc       0xc8 Drivers/STM32F4xx_HAL_Driver/Src/stm32f4xx_hal_tim.o
                0x08000bfc                TIM_Base_SetConfig
 .text.HAL_TIM_Base_Init
                0x08000cc4       0x34 Drivers/STM32F4xx_HAL_Driver/Src/stm32f4xx_hal_tim.o
                0x08000cc4                HAL_TIM_Base_Init
 .text.HAL_TIMEx_CommutationCallback
                0x08000cf8        0x2 Drivers/STM32F4xx_HAL_Driver/Src/stm32f4xx_hal_tim_ex.o
                0x08000cf8                HAL_TIMEx_CommutationCallback
 .text.HAL_TIMEx_BreakCallback
                0x08000cfa        0x2 Drivers/STM32F4xx_HAL_Driver/Src/stm32f4xx_hal_tim_ex.o
                0x08000cfa                HAL_TIMEx_BreakCallback
 .text.osKernelStart
                0x08000cfc        0xa Middlewares/Third_Party/FreeRTOS/Source/CMSIS_RTOS/cmsis_os.o
                0x08000cfc                osKernelStart
 .text.osThreadCreate
                0x08000d06       0x38 Middlewares/Third_Party/FreeRTOS/Source/CMSIS_RTOS/cmsis_os.o
                0x08000d06                osThreadCreate
 *fill*         0x08000d3e        0x2 
 .text.osTimerCreate
                0x08000d40       0x20 Middlewares/Third_Party/FreeRTOS/Source/CMSIS_RTOS/cmsis_os.o
                0x08000d40                osTimerCreate
 .text.osMessageCreate
                0x08000d60        0x8 Middlewares/Third_Party/FreeRTOS/Source/CMSIS_RTOS/cmsis_os.o
                0x08000d60                osMessageCreate
 .text.osSystickHandler
                0x08000d68       0x14 Middlewares/Third_Party/FreeRTOS/Source/CMSIS_RTOS/cmsis_os.o
                0x08000d68                osSystickHandler
 .text.vListInitialise
                0x08000d7c       0x16 Middlewares/Third_Party/FreeRTOS/Source/list.o
                0x08000d7c                vListInitialise
 .text.vListInitialiseItem
                0x08000d92        0x6 Middlewares/Third_Party/FreeRTOS/Source/list.o
                0x08000d92                vListInitialiseItem
 .text.vListInsertEnd
                0x08000d98       0x18 Middlewares/Third_Party/FreeRTOS/Source/list.o
                0x08000d98                vListInsertEnd
 .text.vListInsert
                0x08000db0       0x30 Middlewares/Third_Party/FreeRTOS/Source/list.o
                0x08000db0                vListInsert
 .text.uxListRemove
                0x08000de0       0x20 Middlewares/Third_Party/FreeRTOS/Source/list.o
                0x08000de0                uxListRemove
 .text.unlikely.prvCopyDataToQueue
                0x08000e00       0x6a Middlewares/Third_Party/FreeRTOS/Source/queue.o
 .text.unlikely.prvCopyDataFromQueue
                0x08000e6a       0x2a Middlewares/Third_Party/FreeRTOS/Source/queue.o
 .text.prvUnlockQueue
                0x08000e94       0x68 Middlewares/Third_Party/FreeRTOS/Source/queue.o
 .text.xQueueGenericReset
                0x08000efc       0x80 Middlewares/Third_Party/FreeRTOS/Source/queue.o
                0x08000efc                xQueueGenericReset
 .text.xQueueGenericCreate
                0x08000f7c       0x64 Middlewares/Third_Party/FreeRTOS/Source/queue.o
                0x08000f7c                xQueueGenericCreate
 .text.xQueueGenericSend
                0x08000fe0      0x164 Middlewares/Third_Party/FreeRTOS/Source/queue.o
                0x08000fe0                xQueueGenericSend
 .text.xQueueGenericSendFromISR
                0x08001144       0xb8 Middlewares/Third_Party/FreeRTOS/Source/queue.o
                0x08001144                xQueueGenericSendFromISR
 .text.xQueueGenericReceive
                0x080011fc      0x16c Middlewares/Third_Party/FreeRTOS/Source/queue.o
                0x080011fc                xQueueGenericReceive
 .text.vQueueAddToRegistry
                0x08001368       0x28 Middlewares/Third_Party/FreeRTOS/Source/queue.o
                0x08001368                vQueueAddToRegistry
 .text.vQueueWaitForMessageRestricted
                0x08001390       0x3e Middlewares/Third_Party/FreeRTOS/Source/queue.o
                0x08001390                vQueueWaitForMessageRestricted
 *fill*         0x080013ce        0x2 
 .text.prvResetNextTaskUnblockTime
                0x080013d0       0x20 Middlewares/Third_Party/FreeRTOS/Source/tasks.o
 .text.prvAddCurrentTaskToDelayedList
                0x080013f0       0x38 Middlewares/Third_Party/FreeRTOS/Source/tasks.o
 .text.xTaskGenericCreate.part.5
                0x08001428      0x1a0 Middlewares/Third_Party/FreeRTOS/Source/tasks.o
 .text.vTaskSetTimeOutState.part.7
                0x080015c8       0x12 Middlewares/Third_Party/FreeRTOS/Source/tasks.o
 .text.xTaskGenericCreate
                0x080015da       0x3c Middlewares/Third_Party/FreeRTOS/Source/tasks.o
                0x080015da                xTaskGenericCreate
 *fill*         0x08001616        0x2 
 .text.vTaskStartScheduler
                0x08001618       0x70 Middlewares/Third_Party/FreeRTOS/Source/tasks.o
                0x08001618                vTaskStartScheduler
 .text.vTaskSuspendAll
                0x08001688       0x14 Middlewares/Third_Party/FreeRTOS/Source/tasks.o
                0x08001688                vTaskSuspendAll
 .text.xTaskGetTickCount
                0x0800169c        0xc Middlewares/Third_Party/FreeRTOS/Source/tasks.o
                0x0800169c                xTaskGetTickCount
 .text.xTaskIncrementTick
                0x080016a8       0xf4 Middlewares/Third_Party/FreeRTOS/Source/tasks.o
                0x080016a8                xTaskIncrementTick
 .text.xTaskResumeAll
                0x0800179c       0xe8 Middlewares/Third_Party/FreeRTOS/Source/tasks.o
                0x0800179c                xTaskResumeAll
 .text.prvIdleTask
                0x08001884       0x70 Middlewares/Third_Party/FreeRTOS/Source/tasks.o
 .text.vTaskSwitchContext
                0x080018f4       0x68 Middlewares/Third_Party/FreeRTOS/Source/tasks.o
                0x080018f4                vTaskSwitchContext
 .text.vTaskPlaceOnEventList
                0x0800195c       0x68 Middlewares/Third_Party/FreeRTOS/Source/tasks.o
                0x0800195c                vTaskPlaceOnEventList
 .text.vTaskPlaceOnEventListRestricted
                0x080019c4       0x6c Middlewares/Third_Party/FreeRTOS/Source/tasks.o
                0x080019c4                vTaskPlaceOnEventListRestricted
 .text.xTaskRemoveFromEventList
                0x08001a30       0x78 Middlewares/Third_Party/FreeRTOS/Source/tasks.o
                0x08001a30                xTaskRemoveFromEventList
 .text.vTaskSetTimeOutState
                0x08001aa8       0x1c Middlewares/Third_Party/FreeRTOS/Source/tasks.o
                0x08001aa8                vTaskSetTimeOutState
 .text.xTaskCheckForTimeOut
                0x08001ac4       0x70 Middlewares/Third_Party/FreeRTOS/Source/tasks.o
                0x08001ac4                xTaskCheckForTimeOut
 .text.vTaskMissedYield
                0x08001b34       0x10 Middlewares/Third_Party/FreeRTOS/Source/tasks.o
                0x08001b34                vTaskMissedYield
 .text.xTaskGetSchedulerState
                0x08001b44       0x20 Middlewares/Third_Party/FreeRTOS/Source/tasks.o
                0x08001b44                xTaskGetSchedulerState
 .text.vTaskPriorityInherit
                0x08001b64       0x94 Middlewares/Third_Party/FreeRTOS/Source/tasks.o
                0x08001b64                vTaskPriorityInherit
 .text.xTaskPriorityDisinherit
                0x08001bf8       0xa4 Middlewares/Third_Party/FreeRTOS/Source/tasks.o
                0x08001bf8                xTaskPriorityDisinherit
 .text.pvTaskIncrementMutexHeldCount
                0x08001c9c       0x18 Middlewares/Third_Party/FreeRTOS/Source/tasks.o
                0x08001c9c                pvTaskIncrementMutexHeldCount
 .text.prvInsertTimerInActiveList
                0x08001cb4       0x38 Middlewares/Third_Party/FreeRTOS/Source/timers.o
 .text.xTimerGenericCommand.part.2
                0x08001cec       0x12 Middlewares/Third_Party/FreeRTOS/Source/timers.o
 *fill*         0x08001cfe        0x2 
 .text.prvCheckForValidListAndQueue
                0x08001d00       0x4c Middlewares/Third_Party/FreeRTOS/Source/timers.o
 .text.xTimerCreateTimerTask
                0x08001d4c       0x4c Middlewares/Third_Party/FreeRTOS/Source/timers.o
                0x08001d4c                xTimerCreateTimerTask
 .text.xTimerCreate
                0x08001d98       0x4a Middlewares/Third_Party/FreeRTOS/Source/timers.o
                0x08001d98                xTimerCreate
 *fill*         0x08001de2        0x2 
 .text.xTimerGenericCommand
                0x08001de4       0x4c Middlewares/Third_Party/FreeRTOS/Source/timers.o
                0x08001de4                xTimerGenericCommand
 .text.prvSwitchTimerLists
                0x08001e30       0x7c Middlewares/Third_Party/FreeRTOS/Source/timers.o
 .text.prvTimerTask
                0x08001eac      0x19c Middlewares/Third_Party/FreeRTOS/Source/timers.o
 .text.prvTaskExitError
                0x08002048       0x30 Middlewares/Third_Party/FreeRTOS/Source/portable/GCC/ARM_CM4F/port.o
 .text.prvPortStartFirstTask
                0x08002078       0x20 Middlewares/Third_Party/FreeRTOS/Source/portable/GCC/ARM_CM4F/port.o
 .text.vPortEnableVFP
                0x08002098       0x14 Middlewares/Third_Party/FreeRTOS/Source/portable/GCC/ARM_CM4F/port.o
 .text.pxPortInitialiseStack
                0x080020ac       0x24 Middlewares/Third_Party/FreeRTOS/Source/portable/GCC/ARM_CM4F/port.o
                0x080020ac                pxPortInitialiseStack
 .text.SVC_Handler
                0x080020d0       0x20 Middlewares/Third_Party/FreeRTOS/Source/portable/GCC/ARM_CM4F/port.o
                0x080020d0                SVC_Handler
 .text.vPortEnterCritical
                0x080020f0       0x44 Middlewares/Third_Party/FreeRTOS/Source/portable/GCC/ARM_CM4F/port.o
                0x080020f0                vPortEnterCritical
 .text.vPortExitCritical
                0x08002134       0x28 Middlewares/Third_Party/FreeRTOS/Source/portable/GCC/ARM_CM4F/port.o
                0x08002134                vPortExitCritical
 .text.PendSV_Handler
                0x0800215c       0x60 Middlewares/Third_Party/FreeRTOS/Source/portable/GCC/ARM_CM4F/port.o
                0x0800215c                PendSV_Handler
 .text.xPortSysTickHandler
                0x080021bc       0x30 Middlewares/Third_Party/FreeRTOS/Source/portable/GCC/ARM_CM4F/port.o
                0x080021bc                xPortSysTickHandler
 .text.vPortSetupTimerInterrupt
                0x080021ec       0x28 Middlewares/Third_Party/FreeRTOS/Source/portable/GCC/ARM_CM4F/port.o
                0x080021ec                vPortSetupTimerInterrupt
 .text.xPortStartScheduler
                0x08002214       0xe4 Middlewares/Third_Party/FreeRTOS/Source/portable/GCC/ARM_CM4F/port.o
                0x08002214                xPortStartScheduler
 .text.vPortValidateInterruptPriority
                0x080022f8       0x54 Middlewares/Third_Party/FreeRTOS/Source/portable/GCC/ARM_CM4F/port.o
                0x080022f8                vPortValidateInterruptPriority
 .text.unlikely.prvInsertBlockIntoFreeList
                0x0800234c       0x44 Middlewares/Third_Party/FreeRTOS/Source/portable/MemMang/heap_4.o
 .text.pvPortMalloc
                0x08002390      0x120 Middlewares/Third_Party/FreeRTOS/Source/portable/MemMang/heap_4.o
                0x08002390                pvPortMalloc
 .text.vPortFree
                0x080024b0       0x70 Middlewares/Third_Party/FreeRTOS/Source/portable/MemMang/heap_4.o
                0x080024b0                vPortFree
 .text.EnableDisablePin
                0x08002520       0x10 Src/adaptation.o
                0x08002520                EnableDisablePin
 .text.Callback01
                0x08002530        0x2 Src/main.o
                0x08002530                Callback01
 *fill*         0x08002532        0x2 
 .text.StartDefaultTask
                0x08002534       0x34 Src/main.o
                0x08002534                StartDefaultTask
 .text.StartTask01
                0x08002568       0x38 Src/main.o
                0x08002568                StartTask01
 .text.StartTask02
                0x080025a0       0x1c Src/main.o
                0x080025a0                StartTask02
 .text.SystemClock_Config
                0x080025bc       0x98 Src/main.o
                0x080025bc                SystemClock_Config
 .text.startup.main
                0x08002654      0x10c Src/main.o
                0x08002654                main
 .text.HAL_TIM_PeriodElapsedCallback
                0x08002760       0x14 Src/main.o
                0x08002760                HAL_TIM_PeriodElapsedCallback
 .text.HAL_MspInit
                0x08002774       0x60 Src/stm32f4xx_hal_msp.o
                0x08002774                HAL_MspInit
 .text.HAL_InitTick
                0x080027d4       0x78 Src/stm32f4xx_hal_timebase_TIM.o
                0x080027d4                HAL_InitTick
 .text.NMI_Handler
                0x0800284c        0x2 Src/stm32f4xx_it.o
                0x0800284c                NMI_Handler
 .text.HardFault_Handler
                0x0800284e        0x2 Src/stm32f4xx_it.o
                0x0800284e                HardFault_Handler
 .text.MemManage_Handler
                0x08002850        0x2 Src/stm32f4xx_it.o
                0x08002850                MemManage_Handler
 .text.BusFault_Handler
                0x08002852        0x2 Src/stm32f4xx_it.o
                0x08002852                BusFault_Handler
 .text.UsageFault_Handler
                0x08002854        0x2 Src/stm32f4xx_it.o
                0x08002854                UsageFault_Handler
 .text.DebugMon_Handler
                0x08002856        0x2 Src/stm32f4xx_it.o
                0x08002856                DebugMon_Handler
 .text.SysTick_Handler
                0x08002858        0x4 Src/stm32f4xx_it.o
                0x08002858                SysTick_Handler
 .text.TIM1_UP_TIM10_IRQHandler
                0x0800285c        0xc Src/stm32f4xx_it.o
                0x0800285c                TIM1_UP_TIM10_IRQHandler
 .text.SystemInit
                0x08002868       0x4c Src/system_stm32f4xx.o
                0x08002868                SystemInit
 .text.testCodeGen_step
                0x080028b4       0x14 Src/testCodeGen.o
                0x080028b4                testCodeGen_step
 .text.testCodeGen_initialize
                0x080028c8        0x2 Src/testCodeGen.o
                0x080028c8                testCodeGen_initialize
 *fill*         0x080028ca        0x2 
 .text.Reset_Handler
                0x080028cc       0x50 startup/startup_stm32f429xx.o
                0x080028cc                Reset_Handler
 .text.Default_Handler
                0x0800291c        0x2 startup/startup_stm32f429xx.o
                0x0800291c                RTC_Alarm_IRQHandler
                0x0800291c                HASH_RNG_IRQHandler
                0x0800291c                EXTI2_IRQHandler
                0x0800291c                TIM8_CC_IRQHandler
                0x0800291c                UART8_IRQHandler
                0x0800291c                SPI4_IRQHandler
                0x0800291c                TIM1_CC_IRQHandler
                0x0800291c                DMA2_Stream5_IRQHandler
                0x0800291c                DMA1_Stream5_IRQHandler
                0x0800291c                PVD_IRQHandler
                0x0800291c                SDIO_IRQHandler
                0x0800291c                TAMP_STAMP_IRQHandler
                0x0800291c                CAN2_RX1_IRQHandler
                0x0800291c                EXTI3_IRQHandler
                0x0800291c                TIM8_TRG_COM_TIM14_IRQHandler
                0x0800291c                TIM8_UP_TIM13_IRQHandler
                0x0800291c                I2C3_ER_IRQHandler
                0x0800291c                EXTI0_IRQHandler
                0x0800291c                I2C2_EV_IRQHandler
                0x0800291c                DMA1_Stream2_IRQHandler
                0x0800291c                CAN1_RX0_IRQHandler
                0x0800291c                FPU_IRQHandler
                0x0800291c                OTG_HS_WKUP_IRQHandler
                0x0800291c                LTDC_ER_IRQHandler
                0x0800291c                CAN2_SCE_IRQHandler
                0x0800291c                DMA2_Stream2_IRQHandler
                0x0800291c                SPI1_IRQHandler
                0x0800291c                TIM6_DAC_IRQHandler
                0x0800291c                TIM1_BRK_TIM9_IRQHandler
                0x0800291c                DCMI_IRQHandler
                0x0800291c                CAN2_RX0_IRQHandler
                0x0800291c                DMA2_Stream3_IRQHandler
                0x0800291c                USART6_IRQHandler
                0x0800291c                USART3_IRQHandler
                0x0800291c                CAN1_RX1_IRQHandler
                0x0800291c                UART5_IRQHandler
                0x0800291c                DMA2_Stream0_IRQHandler
                0x0800291c                TIM4_IRQHandler
                0x0800291c                I2C1_EV_IRQHandler
                0x0800291c                DMA1_Stream6_IRQHandler
                0x0800291c                DMA1_Stream1_IRQHandler
                0x0800291c                UART4_IRQHandler
                0x0800291c                TIM3_IRQHandler
                0x0800291c                RCC_IRQHandler
                0x0800291c                TIM8_BRK_TIM12_IRQHandler
                0x0800291c                Default_Handler
                0x0800291c                EXTI15_10_IRQHandler
                0x0800291c                ADC_IRQHandler
                0x0800291c                DMA1_Stream7_IRQHandler
                0x0800291c                SPI5_IRQHandler
                0x0800291c                TIM7_IRQHandler
                0x0800291c                CAN2_TX_IRQHandler
                0x0800291c                TIM5_IRQHandler
                0x0800291c                DMA2_Stream7_IRQHandler
                0x0800291c                I2C3_EV_IRQHandler
                0x0800291c                EXTI9_5_IRQHandler
                0x0800291c                RTC_WKUP_IRQHandler
                0x0800291c                LTDC_IRQHandler
                0x0800291c                ETH_WKUP_IRQHandler
                0x0800291c                SPI2_IRQHandler
                0x0800291c                OTG_HS_EP1_IN_IRQHandler
                0x0800291c                DMA1_Stream0_IRQHandler
                0x0800291c                CAN1_TX_IRQHandler
                0x0800291c                EXTI4_IRQHandler
                0x0800291c                ETH_IRQHandler
                0x0800291c                OTG_HS_EP1_OUT_IRQHandler
                0x0800291c                WWDG_IRQHandler
                0x0800291c                SPI6_IRQHandler
                0x0800291c                TIM2_IRQHandler
                0x0800291c                OTG_FS_WKUP_IRQHandler
                0x0800291c                TIM1_TRG_COM_TIM11_IRQHandler
                0x0800291c                OTG_HS_IRQHandler
                0x0800291c                DMA2D_IRQHandler
                0x0800291c                EXTI1_IRQHandler
                0x0800291c                UART7_IRQHandler
                0x0800291c                USART2_IRQHandler
                0x0800291c                I2C2_ER_IRQHandler
                0x0800291c                DMA2_Stream1_IRQHandler
                0x0800291c                CAN1_SCE_IRQHandler
                0x0800291c                FLASH_IRQHandler
                0x0800291c                DMA2_Stream4_IRQHandler
                0x0800291c                USART1_IRQHandler
                0x0800291c                OTG_FS_IRQHandler
                0x0800291c                SPI3_IRQHandler
                0x0800291c                DMA1_Stream4_IRQHandler
                0x0800291c                I2C1_ER_IRQHandler
                0x0800291c                FMC_IRQHandler
                0x0800291c                DMA2_Stream6_IRQHandler
                0x0800291c                SAI1_IRQHandler
                0x0800291c                DMA1_Stream3_IRQHandler
 *fill*         0x0800291e        0x2 
 .text.__libc_init_array
                0x08002920       0x4c c:/ac6/systemworkbench/plugins/fr.ac6.mcu.externaltools.arm-none.win32_1.13.1.201701261202/tools/compiler/bin/../lib/gcc/arm-none-eabi/5.4.1/../../../../arm-none-eabi/lib/armv7e-m/fpu\libc_nano.a(lib_a-init.o)
                0x08002920                __libc_init_array
 .text.memcpy   0x0800296c       0x16 c:/ac6/systemworkbench/plugins/fr.ac6.mcu.externaltools.arm-none.win32_1.13.1.201701261202/tools/compiler/bin/../lib/gcc/arm-none-eabi/5.4.1/../../../../arm-none-eabi/lib/armv7e-m/fpu\libc_nano.a(lib_a-memcpy-stub.o)
                0x0800296c                memcpy
 .text.memset   0x08002982       0x10 c:/ac6/systemworkbench/plugins/fr.ac6.mcu.externaltools.arm-none.win32_1.13.1.201701261202/tools/compiler/bin/../lib/gcc/arm-none-eabi/5.4.1/../../../../arm-none-eabi/lib/armv7e-m/fpu\libc_nano.a(lib_a-memset.o)
                0x08002982                memset
 *(.glue_7)
 .glue_7        0x08002992        0x0 linker stubs
 *(.glue_7t)
 .glue_7t       0x08002992        0x0 linker stubs
 *(.eh_frame)
 *fill*         0x08002992        0x2 
 .eh_frame      0x08002994        0x0 c:/ac6/systemworkbench/plugins/fr.ac6.mcu.externaltools.arm-none.win32_1.13.1.201701261202/tools/compiler/bin/../lib/gcc/arm-none-eabi/5.4.1/armv7e-m/fpu/crtbegin.o
 *(.init)
 .init          0x08002994        0x4 c:/ac6/systemworkbench/plugins/fr.ac6.mcu.externaltools.arm-none.win32_1.13.1.201701261202/tools/compiler/bin/../lib/gcc/arm-none-eabi/5.4.1/armv7e-m/fpu/crti.o
                0x08002994                _init
 .init          0x08002998        0x8 c:/ac6/systemworkbench/plugins/fr.ac6.mcu.externaltools.arm-none.win32_1.13.1.201701261202/tools/compiler/bin/../lib/gcc/arm-none-eabi/5.4.1/armv7e-m/fpu/crtn.o
 *(.fini)
 .fini          0x080029a0        0x4 c:/ac6/systemworkbench/plugins/fr.ac6.mcu.externaltools.arm-none.win32_1.13.1.201701261202/tools/compiler/bin/../lib/gcc/arm-none-eabi/5.4.1/armv7e-m/fpu/crti.o
                0x080029a0                _fini
 .fini          0x080029a4        0x8 c:/ac6/systemworkbench/plugins/fr.ac6.mcu.externaltools.arm-none.win32_1.13.1.201701261202/tools/compiler/bin/../lib/gcc/arm-none-eabi/5.4.1/armv7e-m/fpu/crtn.o
                0x080029ac                . = ALIGN (0x4)
                0x080029ac                _etext = .

.vfp11_veneer   0x080029ac        0x0
 .vfp11_veneer  0x080029ac        0x0 linker stubs

.v4_bx          0x080029ac        0x0
 .v4_bx         0x080029ac        0x0 linker stubs

.iplt           0x080029ac        0x0
 .iplt          0x080029ac        0x0 c:/ac6/systemworkbench/plugins/fr.ac6.mcu.externaltools.arm-none.win32_1.13.1.201701261202/tools/compiler/bin/../lib/gcc/arm-none-eabi/5.4.1/armv7e-m/fpu/crtbegin.o

.rodata         0x080029ac       0x88
                0x080029ac                . = ALIGN (0x4)
 *(.rodata)
 .rodata        0x080029ac       0x10 Drivers/STM32F4xx_HAL_Driver/Src/stm32f4xx_hal_rcc.o
                0x080029ac                APBAHBPrescTable
 .rodata        0x080029bc       0x4c Src/main.o
 *(.rodata*)
 .rodata.str1.1
                0x08002a08        0x0 Middlewares/Third_Party/FreeRTOS/Source/CMSIS_RTOS/cmsis_os.o
                                  0x1 (size before relaxing)
 .rodata.str1.1
                0x08002a08        0x5 Middlewares/Third_Party/FreeRTOS/Source/tasks.o
 .rodata.str1.1
                0x08002a0d        0xd Middlewares/Third_Party/FreeRTOS/Source/timers.o
 .rodata.str1.1
                0x08002a1a       0x1a Src/main.o
                0x08002a34                . = ALIGN (0x4)

.rel.dyn        0x08002a34        0x0
 .rel.iplt      0x08002a34        0x0 c:/ac6/systemworkbench/plugins/fr.ac6.mcu.externaltools.arm-none.win32_1.13.1.201701261202/tools/compiler/bin/../lib/gcc/arm-none-eabi/5.4.1/armv7e-m/fpu/crtbegin.o

.ARM.extab
 *(.ARM.extab* .gnu.linkonce.armextab.*)

.ARM            0x08002a34        0x0
                0x08002a34                __exidx_start = .
 *(.ARM.exidx*)
                0x08002a34                __exidx_end = .

.preinit_array  0x08002a34        0x0
                0x08002a34                PROVIDE (__preinit_array_start, .)
 *(.preinit_array*)
                0x08002a34                PROVIDE (__preinit_array_end, .)

.init_array     0x08002a34        0x4
                0x08002a34                PROVIDE (__init_array_start, .)
 *(SORT(.init_array.*))
 *(.init_array*)
 .init_array    0x08002a34        0x4 c:/ac6/systemworkbench/plugins/fr.ac6.mcu.externaltools.arm-none.win32_1.13.1.201701261202/tools/compiler/bin/../lib/gcc/arm-none-eabi/5.4.1/armv7e-m/fpu/crtbegin.o
                0x08002a38                PROVIDE (__init_array_end, .)

.fini_array     0x08002a38        0x4
                [!provide]                PROVIDE (__fini_array_start, .)
 *(SORT(.fini_array.*))
 *(.fini_array*)
 .fini_array    0x08002a38        0x4 c:/ac6/systemworkbench/plugins/fr.ac6.mcu.externaltools.arm-none.win32_1.13.1.201701261202/tools/compiler/bin/../lib/gcc/arm-none-eabi/5.4.1/armv7e-m/fpu/crtbegin.o
                [!provide]                PROVIDE (__fini_array_end, .)
                0x08002a3c                _sidata = LOADADDR (.data)

.data           0x20000000        0x8 load address 0x08002a3c
                0x20000000                . = ALIGN (0x4)
                0x20000000                _sdata = .
 *(.data)
 .data          0x20000000        0x4 Middlewares/Third_Party/FreeRTOS/Source/portable/GCC/ARM_CM4F/port.o
 .data          0x20000004        0x4 Src/system_stm32f4xx.o
                0x20000004                SystemCoreClock
 *(.data*)
                0x20000008                . = ALIGN (0x4)
                0x20000008                _edata = .
                0x08002a44                _siccmram = LOADADDR (.ccmram)

.jcr            0x20000008        0x0 load address 0x08002a44
 .jcr           0x20000008        0x0 c:/ac6/systemworkbench/plugins/fr.ac6.mcu.externaltools.arm-none.win32_1.13.1.201701261202/tools/compiler/bin/../lib/gcc/arm-none-eabi/5.4.1/armv7e-m/fpu/crtbegin.o

.igot.plt       0x20000008        0x0 load address 0x08002a44
 .igot.plt      0x20000008        0x0 c:/ac6/systemworkbench/plugins/fr.ac6.mcu.externaltools.arm-none.win32_1.13.1.201701261202/tools/compiler/bin/../lib/gcc/arm-none-eabi/5.4.1/armv7e-m/fpu/crtbegin.o

.ccmram         0x10000000        0x0 load address 0x08002a44
                0x10000000                . = ALIGN (0x4)
                0x10000000                _sccmram = .
 *(.ccmram)
 *(.ccmram*)
                0x10000000                . = ALIGN (0x4)
                0x10000000                _eccmram = .
                0x10000000                . = ALIGN (0x4)

.bss            0x20000008     0x3e40
                0x20000008                _sbss = .
                0x20000008                __bss_start__ = _sbss
 *(.bss)
 .bss           0x20000008       0x1c c:/ac6/systemworkbench/plugins/fr.ac6.mcu.externaltools.arm-none.win32_1.13.1.201701261202/tools/compiler/bin/../lib/gcc/arm-none-eabi/5.4.1/armv7e-m/fpu/crtbegin.o
 .bss           0x20000024      0x128 Middlewares/Third_Party/FreeRTOS/Source/tasks.o
                0x2000002c                pxCurrentTCB
 .bss           0x2000014c       0x38 Middlewares/Third_Party/FreeRTOS/Source/timers.o
 .bss           0x20000184        0x8 Middlewares/Third_Party/FreeRTOS/Source/portable/GCC/ARM_CM4F/port.o
 .bss           0x2000018c     0x3c18 Middlewares/Third_Party/FreeRTOS/Source/portable/MemMang/heap_4.o
 .bss           0x20003da4        0x8 Src/main.o
 .bss           0x20003dac        0x4 Src/testCodeGen.o
 *(.bss*)
 *(COMMON)
 COMMON         0x20003db0        0x4 Drivers/STM32F4xx_HAL_Driver/Src/stm32f4xx_hal.o
                0x20003db0                uwTick
 COMMON         0x20003db4       0x40 Middlewares/Third_Party/FreeRTOS/Source/queue.o
                0x20003db4                xQueueRegistry
 COMMON         0x20003df4       0x18 Src/main.o
                0x20003df4                Task02Handle
                0x20003df8                defaultTaskHandle
                0x20003dfc                Timer01Handle
                0x20003e00                Task01Handle
                0x20003e04                myQueue01Handle
                0x20003e08                myQueue02Handle
 COMMON         0x20003e0c       0x3c Src/stm32f4xx_hal_timebase_TIM.o
                0x20003e0c                htim1
                0x20003e48                . = ALIGN (0x4)
                0x20003e48                _ebss = .
                0x20003e48                __bss_end__ = _ebss

._user_heap_stack
                0x20003e48      0x600
                0x20003e48                . = ALIGN (0x8)
                [!provide]                PROVIDE (end, .)
                [!provide]                PROVIDE (_end, .)
                0x20004048                . = (. + _Min_Heap_Size)
 *fill*         0x20003e48      0x200 
                0x20004448                . = (. + _Min_Stack_Size)
 *fill*         0x20004048      0x400 
                0x20004448                . = ALIGN (0x8)

/DISCARD/
 libc.a(*)
 libm.a(*)
 libgcc.a(*)

.ARM.attributes
                0x00000000       0x30
 *(.ARM.attributes)
 .ARM.attributes
                0x00000000       0x22 c:/ac6/systemworkbench/plugins/fr.ac6.mcu.externaltools.arm-none.win32_1.13.1.201701261202/tools/compiler/bin/../lib/gcc/arm-none-eabi/5.4.1/armv7e-m/fpu/crti.o
 .ARM.attributes
                0x00000022       0x34 c:/ac6/systemworkbench/plugins/fr.ac6.mcu.externaltools.arm-none.win32_1.13.1.201701261202/tools/compiler/bin/../lib/gcc/arm-none-eabi/5.4.1/armv7e-m/fpu/crtbegin.o
 .ARM.attributes
                0x00000056       0x39 Drivers/STM32F4xx_HAL_Driver/Src/stm32f4xx_hal.o
 .ARM.attributes
                0x0000008f       0x39 Drivers/STM32F4xx_HAL_Driver/Src/stm32f4xx_hal_cortex.o
 .ARM.attributes
                0x000000c8       0x39 Drivers/STM32F4xx_HAL_Driver/Src/stm32f4xx_hal_gpio.o
 .ARM.attributes
                0x00000101       0x39 Drivers/STM32F4xx_HAL_Driver/Src/stm32f4xx_hal_rcc.o
 .ARM.attributes
                0x0000013a       0x39 Drivers/STM32F4xx_HAL_Driver/Src/stm32f4xx_hal_tim.o
 .ARM.attributes
                0x00000173       0x39 Drivers/STM32F4xx_HAL_Driver/Src/stm32f4xx_hal_tim_ex.o
 .ARM.attributes
                0x000001ac       0x39 Middlewares/Third_Party/FreeRTOS/Source/CMSIS_RTOS/cmsis_os.o
 .ARM.attributes
                0x000001e5       0x39 Middlewares/Third_Party/FreeRTOS/Source/list.o
 .ARM.attributes
                0x0000021e       0x39 Middlewares/Third_Party/FreeRTOS/Source/queue.o
 .ARM.attributes
                0x00000257       0x39 Middlewares/Third_Party/FreeRTOS/Source/tasks.o
 .ARM.attributes
                0x00000290       0x39 Middlewares/Third_Party/FreeRTOS/Source/timers.o
 .ARM.attributes
                0x000002c9       0x39 Middlewares/Third_Party/FreeRTOS/Source/portable/GCC/ARM_CM4F/port.o
 .ARM.attributes
                0x00000302       0x39 Middlewares/Third_Party/FreeRTOS/Source/portable/MemMang/heap_4.o
 .ARM.attributes
                0x0000033b       0x39 Src/adaptation.o
 .ARM.attributes
                0x00000374       0x39 Src/main.o
 .ARM.attributes
                0x000003ad       0x39 Src/stm32f4xx_hal_msp.o
 .ARM.attributes
                0x000003e6       0x39 Src/stm32f4xx_hal_timebase_TIM.o
 .ARM.attributes
                0x0000041f       0x39 Src/stm32f4xx_it.o
 .ARM.attributes
                0x00000458       0x39 Src/system_stm32f4xx.o
 .ARM.attributes
                0x00000491       0x39 Src/testCodeGen.o
 .ARM.attributes
                0x000004ca       0x21 startup/startup_stm32f429xx.o
 .ARM.attributes
                0x000004eb       0x34 c:/ac6/systemworkbench/plugins/fr.ac6.mcu.externaltools.arm-none.win32_1.13.1.201701261202/tools/compiler/bin/../lib/gcc/arm-none-eabi/5.4.1/../../../../arm-none-eabi/lib/armv7e-m/fpu\libc_nano.a(lib_a-init.o)
 .ARM.attributes
                0x0000051f       0x34 c:/ac6/systemworkbench/plugins/fr.ac6.mcu.externaltools.arm-none.win32_1.13.1.201701261202/tools/compiler/bin/../lib/gcc/arm-none-eabi/5.4.1/../../../../arm-none-eabi/lib/armv7e-m/fpu\libc_nano.a(lib_a-memcpy-stub.o)
 .ARM.attributes
                0x00000553       0x34 c:/ac6/systemworkbench/plugins/fr.ac6.mcu.externaltools.arm-none.win32_1.13.1.201701261202/tools/compiler/bin/../lib/gcc/arm-none-eabi/5.4.1/../../../../arm-none-eabi/lib/armv7e-m/fpu\libc_nano.a(lib_a-memset.o)
 .ARM.attributes
                0x00000587       0x22 c:/ac6/systemworkbench/plugins/fr.ac6.mcu.externaltools.arm-none.win32_1.13.1.201701261202/tools/compiler/bin/../lib/gcc/arm-none-eabi/5.4.1/armv7e-m/fpu/crtn.o
OUTPUT(EntryQuad.elf elf32-littlearm)

.debug_info     0x00000000    0x11540
 .debug_info    0x00000000      0x9aa Drivers/STM32F4xx_HAL_Driver/Src/stm32f4xx_hal.o
 .debug_info    0x000009aa      0xeaf Drivers/STM32F4xx_HAL_Driver/Src/stm32f4xx_hal_cortex.o
 .debug_info    0x00001859      0x74b Drivers/STM32F4xx_HAL_Driver/Src/stm32f4xx_hal_gpio.o
 .debug_info    0x00001fa4      0xcb1 Drivers/STM32F4xx_HAL_Driver/Src/stm32f4xx_hal_rcc.o
 .debug_info    0x00002c55     0x2eaa Drivers/STM32F4xx_HAL_Driver/Src/stm32f4xx_hal_tim.o
 .debug_info    0x00005aff      0xf6f Drivers/STM32F4xx_HAL_Driver/Src/stm32f4xx_hal_tim_ex.o
 .debug_info    0x00006a6e     0x1cbd Middlewares/Third_Party/FreeRTOS/Source/CMSIS_RTOS/cmsis_os.o
 .debug_info    0x0000872b      0x2a5 Middlewares/Third_Party/FreeRTOS/Source/list.o
 .debug_info    0x000089d0     0x171e Middlewares/Third_Party/FreeRTOS/Source/queue.o
 .debug_info    0x0000a0ee     0x27d4 Middlewares/Third_Party/FreeRTOS/Source/tasks.o
 .debug_info    0x0000c8c2     0x1051 Middlewares/Third_Party/FreeRTOS/Source/timers.o
 .debug_info    0x0000d913      0x55b Middlewares/Third_Party/FreeRTOS/Source/portable/GCC/ARM_CM4F/port.o
 .debug_info    0x0000de6e      0x48a Middlewares/Third_Party/FreeRTOS/Source/portable/MemMang/heap_4.o
 .debug_info    0x0000e2f8      0x1cc Src/adaptation.o
 .debug_info    0x0000e4c4     0x13d5 Src/main.o
 .debug_info    0x0000f899      0x424 Src/stm32f4xx_hal_msp.o
 .debug_info    0x0000fcbd      0xb94 Src/stm32f4xx_hal_timebase_TIM.o
 .debug_info    0x00010851      0x638 Src/stm32f4xx_it.o
 .debug_info    0x00010e89      0x51a Src/system_stm32f4xx.o
 .debug_info    0x000113a3      0x12d Src/testCodeGen.o
 .debug_info    0x000114d0       0x70 startup/startup_stm32f429xx.o

.debug_abbrev   0x00000000     0x2be1
 .debug_abbrev  0x00000000      0x247 Drivers/STM32F4xx_HAL_Driver/Src/stm32f4xx_hal.o
 .debug_abbrev  0x00000247      0x332 Drivers/STM32F4xx_HAL_Driver/Src/stm32f4xx_hal_cortex.o
 .debug_abbrev  0x00000579      0x1cb Drivers/STM32F4xx_HAL_Driver/Src/stm32f4xx_hal_gpio.o
 .debug_abbrev  0x00000744      0x321 Drivers/STM32F4xx_HAL_Driver/Src/stm32f4xx_hal_rcc.o
 .debug_abbrev  0x00000a65      0x314 Drivers/STM32F4xx_HAL_Driver/Src/stm32f4xx_hal_tim.o
 .debug_abbrev  0x00000d79      0x273 Drivers/STM32F4xx_HAL_Driver/Src/stm32f4xx_hal_tim_ex.o
 .debug_abbrev  0x00000fec      0x357 Middlewares/Third_Party/FreeRTOS/Source/CMSIS_RTOS/cmsis_os.o
 .debug_abbrev  0x00001343       0xdf Middlewares/Third_Party/FreeRTOS/Source/list.o
 .debug_abbrev  0x00001422      0x2d3 Middlewares/Third_Party/FreeRTOS/Source/queue.o
 .debug_abbrev  0x000016f5      0x395 Middlewares/Third_Party/FreeRTOS/Source/tasks.o
 .debug_abbrev  0x00001a8a      0x31f Middlewares/Third_Party/FreeRTOS/Source/timers.o
 .debug_abbrev  0x00001da9      0x21e Middlewares/Third_Party/FreeRTOS/Source/portable/GCC/ARM_CM4F/port.o
 .debug_abbrev  0x00001fc7      0x233 Middlewares/Third_Party/FreeRTOS/Source/portable/MemMang/heap_4.o
 .debug_abbrev  0x000021fa       0xf0 Src/adaptation.o
 .debug_abbrev  0x000022ea      0x2dd Src/main.o
 .debug_abbrev  0x000025c7       0xc5 Src/stm32f4xx_hal_msp.o
 .debug_abbrev  0x0000268c      0x1d2 Src/stm32f4xx_hal_timebase_TIM.o
 .debug_abbrev  0x0000285e      0x194 Src/stm32f4xx_it.o
 .debug_abbrev  0x000029f2      0x104 Src/system_stm32f4xx.o
 .debug_abbrev  0x00002af6       0xd9 Src/testCodeGen.o
 .debug_abbrev  0x00002bcf       0x12 startup/startup_stm32f429xx.o

.debug_loc      0x00000000     0x8aef
 .debug_loc     0x00000000       0xbe Drivers/STM32F4xx_HAL_Driver/Src/stm32f4xx_hal.o
 .debug_loc     0x000000be      0x4ab Drivers/STM32F4xx_HAL_Driver/Src/stm32f4xx_hal_cortex.o
 .debug_loc     0x00000569      0x374 Drivers/STM32F4xx_HAL_Driver/Src/stm32f4xx_hal_gpio.o
 .debug_loc     0x000008dd      0x485 Drivers/STM32F4xx_HAL_Driver/Src/stm32f4xx_hal_rcc.o
 .debug_loc     0x00000d62     0x3146 Drivers/STM32F4xx_HAL_Driver/Src/stm32f4xx_hal_tim.o
 .debug_loc     0x00003ea8      0x7b9 Drivers/STM32F4xx_HAL_Driver/Src/stm32f4xx_hal_tim_ex.o
 .debug_loc     0x00004661     0x1134 Middlewares/Third_Party/FreeRTOS/Source/CMSIS_RTOS/cmsis_os.o
 .debug_loc     0x00005795       0x94 Middlewares/Third_Party/FreeRTOS/Source/list.o
 .debug_loc     0x00005829      0xb0c Middlewares/Third_Party/FreeRTOS/Source/queue.o
 .debug_loc     0x00006335     0x1916 Middlewares/Third_Party/FreeRTOS/Source/tasks.o
 .debug_loc     0x00007c4b      0x852 Middlewares/Third_Party/FreeRTOS/Source/timers.o
 .debug_loc     0x0000849d       0xae Middlewares/Third_Party/FreeRTOS/Source/portable/GCC/ARM_CM4F/port.o
 .debug_loc     0x0000854b      0x389 Middlewares/Third_Party/FreeRTOS/Source/portable/MemMang/heap_4.o
 .debug_loc     0x000088d4       0x21 Src/adaptation.o
 .debug_loc     0x000088f5       0x8f Src/main.o
 .debug_loc     0x00008984       0x94 Src/stm32f4xx_hal_timebase_TIM.o
 .debug_loc     0x00008a18       0xd7 Src/system_stm32f4xx.o

.debug_aranges  0x00000000      0xc78
 .debug_aranges
                0x00000000       0xc8 Drivers/STM32F4xx_HAL_Driver/Src/stm32f4xx_hal.o
 .debug_aranges
                0x000000c8       0x98 Drivers/STM32F4xx_HAL_Driver/Src/stm32f4xx_hal_cortex.o
 .debug_aranges
                0x00000160       0x58 Drivers/STM32F4xx_HAL_Driver/Src/stm32f4xx_hal_gpio.o
 .debug_aranges
                0x000001b8       0x80 Drivers/STM32F4xx_HAL_Driver/Src/stm32f4xx_hal_rcc.o
 .debug_aranges
                0x00000238      0x250 Drivers/STM32F4xx_HAL_Driver/Src/stm32f4xx_hal_tim.o
 .debug_aranges
                0x00000488       0xf0 Drivers/STM32F4xx_HAL_Driver/Src/stm32f4xx_hal_tim_ex.o
 .debug_aranges
                0x00000578      0x180 Middlewares/Third_Party/FreeRTOS/Source/CMSIS_RTOS/cmsis_os.o
 .debug_aranges
                0x000006f8       0x40 Middlewares/Third_Party/FreeRTOS/Source/list.o
 .debug_aranges
                0x00000738       0xd8 Middlewares/Third_Party/FreeRTOS/Source/queue.o
 .debug_aranges
                0x00000810      0x198 Middlewares/Third_Party/FreeRTOS/Source/tasks.o
 .debug_aranges
                0x000009a8       0x78 Middlewares/Third_Party/FreeRTOS/Source/timers.o
 .debug_aranges
                0x00000a20       0x80 Middlewares/Third_Party/FreeRTOS/Source/portable/GCC/ARM_CM4F/port.o
 .debug_aranges
                0x00000aa0       0x48 Middlewares/Third_Party/FreeRTOS/Source/portable/MemMang/heap_4.o
 .debug_aranges
                0x00000ae8       0x20 Src/adaptation.o
 .debug_aranges
                0x00000b08       0x58 Src/main.o
 .debug_aranges
                0x00000b60       0x20 Src/stm32f4xx_hal_msp.o
 .debug_aranges
                0x00000b80       0x30 Src/stm32f4xx_hal_timebase_TIM.o
 .debug_aranges
                0x00000bb0       0x50 Src/stm32f4xx_it.o
 .debug_aranges
                0x00000c00       0x28 Src/system_stm32f4xx.o
 .debug_aranges
                0x00000c28       0x28 Src/testCodeGen.o
 .debug_aranges
                0x00000c50       0x28 startup/startup_stm32f429xx.o

.debug_ranges   0x00000000      0xf50
 .debug_ranges  0x00000000       0xb8 Drivers/STM32F4xx_HAL_Driver/Src/stm32f4xx_hal.o
 .debug_ranges  0x000000b8      0x148 Drivers/STM32F4xx_HAL_Driver/Src/stm32f4xx_hal_cortex.o
 .debug_ranges  0x00000200       0x70 Drivers/STM32F4xx_HAL_Driver/Src/stm32f4xx_hal_gpio.o
 .debug_ranges  0x00000270      0x150 Drivers/STM32F4xx_HAL_Driver/Src/stm32f4xx_hal_rcc.o
 .debug_ranges  0x000003c0      0x330 Drivers/STM32F4xx_HAL_Driver/Src/stm32f4xx_hal_tim.o
 .debug_ranges  0x000006f0       0xe0 Drivers/STM32F4xx_HAL_Driver/Src/stm32f4xx_hal_tim_ex.o
 .debug_ranges  0x000007d0      0x170 Middlewares/Third_Party/FreeRTOS/Source/CMSIS_RTOS/cmsis_os.o
 .debug_ranges  0x00000940       0x30 Middlewares/Third_Party/FreeRTOS/Source/list.o
 .debug_ranges  0x00000970       0xc8 Middlewares/Third_Party/FreeRTOS/Source/queue.o
 .debug_ranges  0x00000a38      0x220 Middlewares/Third_Party/FreeRTOS/Source/tasks.o
 .debug_ranges  0x00000c58       0x98 Middlewares/Third_Party/FreeRTOS/Source/timers.o
 .debug_ranges  0x00000cf0       0x70 Middlewares/Third_Party/FreeRTOS/Source/portable/GCC/ARM_CM4F/port.o
 .debug_ranges  0x00000d60       0x38 Middlewares/Third_Party/FreeRTOS/Source/portable/MemMang/heap_4.o
 .debug_ranges  0x00000d98       0x10 Src/adaptation.o
 .debug_ranges  0x00000da8       0xc8 Src/main.o
 .debug_ranges  0x00000e70       0x10 Src/stm32f4xx_hal_msp.o
 .debug_ranges  0x00000e80       0x40 Src/stm32f4xx_hal_timebase_TIM.o
 .debug_ranges  0x00000ec0       0x40 Src/stm32f4xx_it.o
 .debug_ranges  0x00000f00       0x18 Src/system_stm32f4xx.o
 .debug_ranges  0x00000f18       0x18 Src/testCodeGen.o
 .debug_ranges  0x00000f30       0x20 startup/startup_stm32f429xx.o

.debug_macro    0x00000000    0x2536c
 .debug_macro   0x00000000      0x365 Drivers/STM32F4xx_HAL_Driver/Src/stm32f4xx_hal.o
 .debug_macro   0x00000365      0x89e Drivers/STM32F4xx_HAL_Driver/Src/stm32f4xx_hal.o
 .debug_macro   0x00000c03      0x179 Drivers/STM32F4xx_HAL_Driver/Src/stm32f4xx_hal.o
 .debug_macro   0x00000d7c       0x33 Drivers/STM32F4xx_HAL_Driver/Src/stm32f4xx_hal.o
 .debug_macro   0x00000daf       0x28 Drivers/STM32F4xx_HAL_Driver/Src/stm32f4xx_hal.o
 .debug_macro   0x00000dd7       0x22 Drivers/STM32F4xx_HAL_Driver/Src/stm32f4xx_hal.o
 .debug_macro   0x00000df9       0x87 Drivers/STM32F4xx_HAL_Driver/Src/stm32f4xx_hal.o
 .debug_macro   0x00000e80       0x44 Drivers/STM32F4xx_HAL_Driver/Src/stm32f4xx_hal.o
 .debug_macro   0x00000ec4       0xfd Drivers/STM32F4xx_HAL_Driver/Src/stm32f4xx_hal.o
 .debug_macro   0x00000fc1       0x5e Drivers/STM32F4xx_HAL_Driver/Src/stm32f4xx_hal.o
 .debug_macro   0x0000101f      0x1df Drivers/STM32F4xx_HAL_Driver/Src/stm32f4xx_hal.o
 .debug_macro   0x000011fe       0x35 Drivers/STM32F4xx_HAL_Driver/Src/stm32f4xx_hal.o
 .debug_macro   0x00001233       0x50 Drivers/STM32F4xx_HAL_Driver/Src/stm32f4xx_hal.o
 .debug_macro   0x00001283      0xe66 Drivers/STM32F4xx_HAL_Driver/Src/stm32f4xx_hal.o
 .debug_macro   0x000020e9    0x17dd7 Drivers/STM32F4xx_HAL_Driver/Src/stm32f4xx_hal.o
 .debug_macro   0x00019ec0       0x43 Drivers/STM32F4xx_HAL_Driver/Src/stm32f4xx_hal.o
 .debug_macro   0x00019f03     0x34ef Drivers/STM32F4xx_HAL_Driver/Src/stm32f4xx_hal.o
 .debug_macro   0x0001d3f2       0x52 Drivers/STM32F4xx_HAL_Driver/Src/stm32f4xx_hal.o
 .debug_macro   0x0001d444       0x35 Drivers/STM32F4xx_HAL_Driver/Src/stm32f4xx_hal.o
 .debug_macro   0x0001d479       0x9c Drivers/STM32F4xx_HAL_Driver/Src/stm32f4xx_hal.o
 .debug_macro   0x0001d515       0x16 Drivers/STM32F4xx_HAL_Driver/Src/stm32f4xx_hal.o
 .debug_macro   0x0001d52b       0x97 Drivers/STM32F4xx_HAL_Driver/Src/stm32f4xx_hal.o
 .debug_macro   0x0001d5c2      0x30d Drivers/STM32F4xx_HAL_Driver/Src/stm32f4xx_hal.o
 .debug_macro   0x0001d8cf       0xfd Drivers/STM32F4xx_HAL_Driver/Src/stm32f4xx_hal.o
 .debug_macro   0x0001d9cc       0x10 Drivers/STM32F4xx_HAL_Driver/Src/stm32f4xx_hal.o
 .debug_macro   0x0001d9dc       0x52 Drivers/STM32F4xx_HAL_Driver/Src/stm32f4xx_hal.o
 .debug_macro   0x0001da2e       0x1f Drivers/STM32F4xx_HAL_Driver/Src/stm32f4xx_hal.o
 .debug_macro   0x0001da4d       0x43 Drivers/STM32F4xx_HAL_Driver/Src/stm32f4xx_hal.o
 .debug_macro   0x0001da90       0x20 Drivers/STM32F4xx_HAL_Driver/Src/stm32f4xx_hal.o
 .debug_macro   0x0001dab0      0x187 Drivers/STM32F4xx_HAL_Driver/Src/stm32f4xx_hal.o
 .debug_macro   0x0001dc37       0x10 Drivers/STM32F4xx_HAL_Driver/Src/stm32f4xx_hal.o
 .debug_macro   0x0001dc47       0x1c Drivers/STM32F4xx_HAL_Driver/Src/stm32f4xx_hal.o
 .debug_macro   0x0001dc63       0x52 Drivers/STM32F4xx_HAL_Driver/Src/stm32f4xx_hal.o
 .debug_macro   0x0001dcb5       0x40 Drivers/STM32F4xx_HAL_Driver/Src/stm32f4xx_hal.o
 .debug_macro   0x0001dcf5       0x10 Drivers/STM32F4xx_HAL_Driver/Src/stm32f4xx_hal.o
 .debug_macro   0x0001dd05       0x40 Drivers/STM32F4xx_HAL_Driver/Src/stm32f4xx_hal.o
 .debug_macro   0x0001dd45       0xd7 Drivers/STM32F4xx_HAL_Driver/Src/stm32f4xx_hal.o
 .debug_macro   0x0001de1c       0x16 Drivers/STM32F4xx_HAL_Driver/Src/stm32f4xx_hal.o
 .debug_macro   0x0001de32      0x18b Drivers/STM32F4xx_HAL_Driver/Src/stm32f4xx_hal.o
 .debug_macro   0x0001dfbd       0x50 Drivers/STM32F4xx_HAL_Driver/Src/stm32f4xx_hal.o
 .debug_macro   0x0001e00d      0xc9e Drivers/STM32F4xx_HAL_Driver/Src/stm32f4xx_hal.o
 .debug_macro   0x0001ecab      0x9e1 Drivers/STM32F4xx_HAL_Driver/Src/stm32f4xx_hal.o
 .debug_macro   0x0001f68c      0x11e Drivers/STM32F4xx_HAL_Driver/Src/stm32f4xx_hal.o
 .debug_macro   0x0001f7aa      0x161 Drivers/STM32F4xx_HAL_Driver/Src/stm32f4xx_hal.o
 .debug_macro   0x0001f90b       0x27 Drivers/STM32F4xx_HAL_Driver/Src/stm32f4xx_hal.o
 .debug_macro   0x0001f932      0x287 Drivers/STM32F4xx_HAL_Driver/Src/stm32f4xx_hal.o
 .debug_macro   0x0001fbb9       0x5f Drivers/STM32F4xx_HAL_Driver/Src/stm32f4xx_hal.o
 .debug_macro   0x0001fc18      0x23a Drivers/STM32F4xx_HAL_Driver/Src/stm32f4xx_hal.o
 .debug_macro   0x0001fe52      0x13a Drivers/STM32F4xx_HAL_Driver/Src/stm32f4xx_hal.o
 .debug_macro   0x0001ff8c      0x41d Drivers/STM32F4xx_HAL_Driver/Src/stm32f4xx_hal.o
 .debug_macro   0x000203a9       0x2e Drivers/STM32F4xx_HAL_Driver/Src/stm32f4xx_hal.o
 .debug_macro   0x000203d7      0x11e Drivers/STM32F4xx_HAL_Driver/Src/stm32f4xx_hal.o
 .debug_macro   0x000204f5       0xe2 Drivers/STM32F4xx_HAL_Driver/Src/stm32f4xx_hal.o
 .debug_macro   0x000205d7       0x89 Drivers/STM32F4xx_HAL_Driver/Src/stm32f4xx_hal.o
 .debug_macro   0x00020660      0x6d9 Drivers/STM32F4xx_HAL_Driver/Src/stm32f4xx_hal.o
 .debug_macro   0x00020d39       0x5b Drivers/STM32F4xx_HAL_Driver/Src/stm32f4xx_hal.o
 .debug_macro   0x00020d94      0x14d Drivers/STM32F4xx_HAL_Driver/Src/stm32f4xx_hal.o
 .debug_macro   0x00020ee1      0x12c Drivers/STM32F4xx_HAL_Driver/Src/stm32f4xx_hal.o
 .debug_macro   0x0002100d      0x305 Drivers/STM32F4xx_HAL_Driver/Src/stm32f4xx_hal_cortex.o
 .debug_macro   0x00021312      0x33d Drivers/STM32F4xx_HAL_Driver/Src/stm32f4xx_hal_gpio.o
 .debug_macro   0x0002164f      0x32f Drivers/STM32F4xx_HAL_Driver/Src/stm32f4xx_hal_rcc.o
 .debug_macro   0x0002197e      0x306 Drivers/STM32F4xx_HAL_Driver/Src/stm32f4xx_hal_tim.o
 .debug_macro   0x00021c84      0x305 Drivers/STM32F4xx_HAL_Driver/Src/stm32f4xx_hal_tim_ex.o
 .debug_macro   0x00021f89      0x1f7 Middlewares/Third_Party/FreeRTOS/Source/CMSIS_RTOS/cmsis_os.o
 .debug_macro   0x00022180       0x4c Middlewares/Third_Party/FreeRTOS/Source/CMSIS_RTOS/cmsis_os.o
 .debug_macro   0x000221cc       0x8d Middlewares/Third_Party/FreeRTOS/Source/CMSIS_RTOS/cmsis_os.o
 .debug_macro   0x00022259      0x174 Middlewares/Third_Party/FreeRTOS/Source/CMSIS_RTOS/cmsis_os.o
 .debug_macro   0x000223cd       0x4a Middlewares/Third_Party/FreeRTOS/Source/CMSIS_RTOS/cmsis_os.o
 .debug_macro   0x00022417       0x10 Middlewares/Third_Party/FreeRTOS/Source/CMSIS_RTOS/cmsis_os.o
 .debug_macro   0x00022427       0x35 Middlewares/Third_Party/FreeRTOS/Source/CMSIS_RTOS/cmsis_os.o
 .debug_macro   0x0002245c       0x16 Middlewares/Third_Party/FreeRTOS/Source/CMSIS_RTOS/cmsis_os.o
 .debug_macro   0x00022472       0x26 Middlewares/Third_Party/FreeRTOS/Source/CMSIS_RTOS/cmsis_os.o
 .debug_macro   0x00022498       0xe0 Middlewares/Third_Party/FreeRTOS/Source/CMSIS_RTOS/cmsis_os.o
 .debug_macro   0x00022578      0x15d Middlewares/Third_Party/FreeRTOS/Source/CMSIS_RTOS/cmsis_os.o
 .debug_macro   0x000226d5       0xe4 Middlewares/Third_Party/FreeRTOS/Source/CMSIS_RTOS/cmsis_os.o
 .debug_macro   0x000227b9       0x10 Middlewares/Third_Party/FreeRTOS/Source/CMSIS_RTOS/cmsis_os.o
 .debug_macro   0x000227c9       0x1f Middlewares/Third_Party/FreeRTOS/Source/CMSIS_RTOS/cmsis_os.o
 .debug_macro   0x000227e8      0x3ed Middlewares/Third_Party/FreeRTOS/Source/CMSIS_RTOS/cmsis_os.o
 .debug_macro   0x00022bd5       0xc0 Middlewares/Third_Party/FreeRTOS/Source/CMSIS_RTOS/cmsis_os.o
 .debug_macro   0x00022c95       0x9a Middlewares/Third_Party/FreeRTOS/Source/CMSIS_RTOS/cmsis_os.o
 .debug_macro   0x00022d2f       0x91 Middlewares/Third_Party/FreeRTOS/Source/CMSIS_RTOS/cmsis_os.o
 .debug_macro   0x00022dc0       0xb0 Middlewares/Third_Party/FreeRTOS/Source/CMSIS_RTOS/cmsis_os.o
 .debug_macro   0x00022e70       0x7f Middlewares/Third_Party/FreeRTOS/Source/CMSIS_RTOS/cmsis_os.o
 .debug_macro   0x00022eef       0xcf Middlewares/Third_Party/FreeRTOS/Source/CMSIS_RTOS/cmsis_os.o
 .debug_macro   0x00022fbe      0x18c Middlewares/Third_Party/FreeRTOS/Source/list.o
 .debug_macro   0x0002314a      0x208 Middlewares/Third_Party/FreeRTOS/Source/queue.o
 .debug_macro   0x00023352       0x16 Middlewares/Third_Party/FreeRTOS/Source/queue.o
 .debug_macro   0x00023368      0x244 Middlewares/Third_Party/FreeRTOS/Source/tasks.o
 .debug_macro   0x000235ac       0x11 Middlewares/Third_Party/FreeRTOS/Source/tasks.o
 .debug_macro   0x000235bd      0x1c9 Middlewares/Third_Party/FreeRTOS/Source/timers.o
 .debug_macro   0x00023786      0x1a7 Middlewares/Third_Party/FreeRTOS/Source/portable/GCC/ARM_CM4F/port.o
 .debug_macro   0x0002392d      0x1b3 Middlewares/Third_Party/FreeRTOS/Source/portable/MemMang/heap_4.o
 .debug_macro   0x00023ae0      0x30f Src/adaptation.o
 .debug_macro   0x00023def      0x43b Src/main.o
 .debug_macro   0x0002422a       0xe6 Src/main.o
 .debug_macro   0x00024310       0x10 Src/main.o
 .debug_macro   0x00024320       0x1c Src/main.o
 .debug_macro   0x0002433c       0x2b Src/main.o
 .debug_macro   0x00024367      0x118 Src/main.o
 .debug_macro   0x0002447f       0xba Src/main.o
 .debug_macro   0x00024539      0x305 Src/stm32f4xx_hal_msp.o
 .debug_macro   0x0002483e      0x305 Src/stm32f4xx_hal_timebase_TIM.o
 .debug_macro   0x00024b43      0x3d2 Src/stm32f4xx_it.o
 .debug_macro   0x00024f15      0x30b Src/system_stm32f4xx.o
 .debug_macro   0x00025220      0x14c Src/testCodeGen.o

.debug_line     0x00000000     0xbb9f
 .debug_line    0x00000000      0x926 Drivers/STM32F4xx_HAL_Driver/Src/stm32f4xx_hal.o
 .debug_line    0x00000926      0x967 Drivers/STM32F4xx_HAL_Driver/Src/stm32f4xx_hal_cortex.o
 .debug_line    0x0000128d      0x94f Drivers/STM32F4xx_HAL_Driver/Src/stm32f4xx_hal_gpio.o
 .debug_line    0x00001bdc      0xaa0 Drivers/STM32F4xx_HAL_Driver/Src/stm32f4xx_hal_rcc.o
 .debug_line    0x0000267c     0x15c6 Drivers/STM32F4xx_HAL_Driver/Src/stm32f4xx_hal_tim.o
 .debug_line    0x00003c42      0xb61 Drivers/STM32F4xx_HAL_Driver/Src/stm32f4xx_hal_tim_ex.o
 .debug_line    0x000047a3      0xb2e Middlewares/Third_Party/FreeRTOS/Source/CMSIS_RTOS/cmsis_os.o
 .debug_line    0x000052d1      0x55f Middlewares/Third_Party/FreeRTOS/Source/list.o
 .debug_line    0x00005830      0xa15 Middlewares/Third_Party/FreeRTOS/Source/queue.o
 .debug_line    0x00006245      0xe4e Middlewares/Third_Party/FreeRTOS/Source/tasks.o
 .debug_line    0x00007093      0x717 Middlewares/Third_Party/FreeRTOS/Source/timers.o
 .debug_line    0x000077aa      0x5ea Middlewares/Third_Party/FreeRTOS/Source/portable/GCC/ARM_CM4F/port.o
 .debug_line    0x00007d94      0x618 Middlewares/Third_Party/FreeRTOS/Source/portable/MemMang/heap_4.o
 .debug_line    0x000083ac      0x76b Src/adaptation.o
 .debug_line    0x00008b17      0xb5d Src/main.o
 .debug_line    0x00009674      0x76b Src/stm32f4xx_hal_msp.o
 .debug_line    0x00009ddf      0x7a8 Src/stm32f4xx_hal_timebase_TIM.o
 .debug_line    0x0000a587      0x9ad Src/stm32f4xx_it.o
 .debug_line    0x0000af34      0x794 Src/system_stm32f4xx.o
 .debug_line    0x0000b6c8      0x458 Src/testCodeGen.o
 .debug_line    0x0000bb20       0x7f startup/startup_stm32f429xx.o

.debug_str      0x00000000    0xd749f
 .debug_str     0x00000000    0xcc7f8 Drivers/STM32F4xx_HAL_Driver/Src/stm32f4xx_hal.o
                              0xccb84 (size before relaxing)
 .debug_str     0x000cc7f8      0x378 Drivers/STM32F4xx_HAL_Driver/Src/stm32f4xx_hal_cortex.o
                              0xcc8db (size before relaxing)
 .debug_str     0x000ccb70      0x2f2 Drivers/STM32F4xx_HAL_Driver/Src/stm32f4xx_hal_gpio.o
                              0xcc2c2 (size before relaxing)
 .debug_str     0x000cce62      0x38e Drivers/STM32F4xx_HAL_Driver/Src/stm32f4xx_hal_rcc.o
                              0xcc451 (size before relaxing)
 .debug_str     0x000cd1f0      0xe38 Drivers/STM32F4xx_HAL_Driver/Src/stm32f4xx_hal_tim.o
                              0xccdbd (size before relaxing)
 .debug_str     0x000ce028      0x419 Drivers/STM32F4xx_HAL_Driver/Src/stm32f4xx_hal_tim_ex.o
                              0xcc80c (size before relaxing)
 .debug_str     0x000ce441     0x603f Middlewares/Third_Party/FreeRTOS/Source/CMSIS_RTOS/cmsis_os.o
                               0xbff0 (size before relaxing)
 .debug_str     0x000d4480      0x22a Middlewares/Third_Party/FreeRTOS/Source/list.o
                               0x8f56 (size before relaxing)
 .debug_str     0x000d46aa      0x779 Middlewares/Third_Party/FreeRTOS/Source/queue.o
                               0xa98f (size before relaxing)
 .debug_str     0x000d4e23      0xec9 Middlewares/Third_Party/FreeRTOS/Source/tasks.o
                               0xb1a5 (size before relaxing)
 .debug_str     0x000d5cec      0x3a6 Middlewares/Third_Party/FreeRTOS/Source/timers.o
                               0xae28 (size before relaxing)
 .debug_str     0x000d6092      0x744 Middlewares/Third_Party/FreeRTOS/Source/portable/GCC/ARM_CM4F/port.o
                               0x76d5 (size before relaxing)
 .debug_str     0x000d67d6      0x23a Middlewares/Third_Party/FreeRTOS/Source/portable/MemMang/heap_4.o
                               0x9848 (size before relaxing)
 .debug_str     0x000d6a10       0x39 Src/adaptation.o
                              0xcbecf (size before relaxing)
 .debug_str     0x000d6a49      0x848 Src/main.o
                              0xd2bed (size before relaxing)
 .debug_str     0x000d7291       0x27 Src/stm32f4xx_hal_msp.o
                              0xcc3db (size before relaxing)
 .debug_str     0x000d72b8       0x61 Src/stm32f4xx_hal_timebase_TIM.o
                              0xcca53 (size before relaxing)
 .debug_str     0x000d7319       0xaa Src/stm32f4xx_it.o
                              0xd1911 (size before relaxing)
 .debug_str     0x000d73c3       0x68 Src/system_stm32f4xx.o
                              0xcc04a (size before relaxing)
 .debug_str     0x000d742b       0x74 Src/testCodeGen.o
                               0x5a18 (size before relaxing)

.comment        0x00000000       0x6e
 .comment       0x00000000       0x6e Drivers/STM32F4xx_HAL_Driver/Src/stm32f4xx_hal.o
                                 0x6f (size before relaxing)
 .comment       0x0000006e       0x6f Drivers/STM32F4xx_HAL_Driver/Src/stm32f4xx_hal_cortex.o
 .comment       0x0000006e       0x6f Drivers/STM32F4xx_HAL_Driver/Src/stm32f4xx_hal_gpio.o
 .comment       0x0000006e       0x6f Drivers/STM32F4xx_HAL_Driver/Src/stm32f4xx_hal_rcc.o
 .comment       0x0000006e       0x6f Drivers/STM32F4xx_HAL_Driver/Src/stm32f4xx_hal_tim.o
 .comment       0x0000006e       0x6f Drivers/STM32F4xx_HAL_Driver/Src/stm32f4xx_hal_tim_ex.o
 .comment       0x0000006e       0x6f Middlewares/Third_Party/FreeRTOS/Source/CMSIS_RTOS/cmsis_os.o
 .comment       0x0000006e       0x6f Middlewares/Third_Party/FreeRTOS/Source/list.o
 .comment       0x0000006e       0x6f Middlewares/Third_Party/FreeRTOS/Source/queue.o
 .comment       0x0000006e       0x6f Middlewares/Third_Party/FreeRTOS/Source/tasks.o
 .comment       0x0000006e       0x6f Middlewares/Third_Party/FreeRTOS/Source/timers.o
 .comment       0x0000006e       0x6f Middlewares/Third_Party/FreeRTOS/Source/portable/GCC/ARM_CM4F/port.o
 .comment       0x0000006e       0x6f Middlewares/Third_Party/FreeRTOS/Source/portable/MemMang/heap_4.o
 .comment       0x0000006e       0x6f Src/adaptation.o
 .comment       0x0000006e       0x6f Src/main.o
 .comment       0x0000006e       0x6f Src/stm32f4xx_hal_msp.o
 .comment       0x0000006e       0x6f Src/stm32f4xx_hal_timebase_TIM.o
 .comment       0x0000006e       0x6f Src/stm32f4xx_it.o
 .comment       0x0000006e       0x6f Src/system_stm32f4xx.o
 .comment       0x0000006e       0x6f Src/testCodeGen.o

.debug_frame    0x00000000     0x2364
 .debug_frame   0x00000000      0x1a4 Drivers/STM32F4xx_HAL_Driver/Src/stm32f4xx_hal.o
 .debug_frame   0x000001a4      0x130 Drivers/STM32F4xx_HAL_Driver/Src/stm32f4xx_hal_cortex.o
 .debug_frame   0x000002d4       0xd4 Drivers/STM32F4xx_HAL_Driver/Src/stm32f4xx_hal_gpio.o
 .debug_frame   0x000003a8      0x138 Drivers/STM32F4xx_HAL_Driver/Src/stm32f4xx_hal_rcc.o
 .debug_frame   0x000004e0      0x854 Drivers/STM32F4xx_HAL_Driver/Src/stm32f4xx_hal_tim.o
 .debug_frame   0x00000d34      0x334 Drivers/STM32F4xx_HAL_Driver/Src/stm32f4xx_hal_tim_ex.o
 .debug_frame   0x00001068      0x488 Middlewares/Third_Party/FreeRTOS/Source/CMSIS_RTOS/cmsis_os.o
 .debug_frame   0x000014f0       0x6c Middlewares/Third_Party/FreeRTOS/Source/list.o
 .debug_frame   0x0000155c      0x294 Middlewares/Third_Party/FreeRTOS/Source/queue.o
 .debug_frame   0x000017f0      0x5a8 Middlewares/Third_Party/FreeRTOS/Source/tasks.o
 .debug_frame   0x00001d98      0x168 Middlewares/Third_Party/FreeRTOS/Source/timers.o
 .debug_frame   0x00001f00       0xf0 Middlewares/Third_Party/FreeRTOS/Source/portable/GCC/ARM_CM4F/port.o
 .debug_frame   0x00001ff0       0xa4 Middlewares/Third_Party/FreeRTOS/Source/portable/MemMang/heap_4.o
 .debug_frame   0x00002094       0x20 Src/adaptation.o
 .debug_frame   0x000020b4       0xd0 Src/main.o
 .debug_frame   0x00002184       0x2c Src/stm32f4xx_hal_msp.o
 .debug_frame   0x000021b0       0x50 Src/stm32f4xx_hal_timebase_TIM.o
 .debug_frame   0x00002200       0x90 Src/stm32f4xx_it.o
 .debug_frame   0x00002290       0x30 Src/system_stm32f4xx.o
 .debug_frame   0x000022c0       0x30 Src/testCodeGen.o
 .debug_frame   0x000022f0       0x2c c:/ac6/systemworkbench/plugins/fr.ac6.mcu.externaltools.arm-none.win32_1.13.1.201701261202/tools/compiler/bin/../lib/gcc/arm-none-eabi/5.4.1/../../../../arm-none-eabi/lib/armv7e-m/fpu\libc_nano.a(lib_a-init.o)
 .debug_frame   0x0000231c       0x28 c:/ac6/systemworkbench/plugins/fr.ac6.mcu.externaltools.arm-none.win32_1.13.1.201701261202/tools/compiler/bin/../lib/gcc/arm-none-eabi/5.4.1/../../../../arm-none-eabi/lib/armv7e-m/fpu\libc_nano.a(lib_a-memcpy-stub.o)
 .debug_frame   0x00002344       0x20 c:/ac6/systemworkbench/plugins/fr.ac6.mcu.externaltools.arm-none.win32_1.13.1.201701261202/tools/compiler/bin/../lib/gcc/arm-none-eabi/5.4.1/../../../../arm-none-eabi/lib/armv7e-m/fpu\libc_nano.a(lib_a-memset.o)
